
[1;33m==============================================================================[0m
[1;33m asse x: colonne d'ingresso, tutte moltiplicate davvero[0m
[0;90m n_in = 2k+1 con link_state(k) + queue_occupancy(k) + ttl; ogni colonna costa h1 moltiplicazioni. Tetto duro a 17[0m
[1;33m==============================================================================[0m

      x pipeline               forma   pesi   insns      ns  update ms  build ms  mappe B tail
  --------------------------------------------------------------------------------------------
  [0;90m[14:37:32] iv_dense x=5 baseline ...[0m
      5 baseline             5-8-8-7      0     155    19.0       0.00     705.2      280    0
  [0;90m[14:37:37] iv_dense x=5 p1_static ...[0m
      5 p1_static            5-8-8-7    183     985    61.0      11.81      81.0     2512    1
  [0;90m[14:37:42] iv_dense x=5 hardcoded ...[0m
      5 hardcoded            5-8-8-7    183     985    46.0      11.48      77.5     2512    1
  [0;90m[14:37:47] iv_dense x=5 template ...[0m
      5 template             5-8-8-7    183   14985   151.0       3.75    1488.7    10416    1
  [0;90m[14:37:53] iv_dense x=5 modular ...[0m
      5 modular              5-8-8-7    183   12349   295.0       4.33    1314.6    19508    3
  [0;90m[14:37:58] iv_dense x=9 baseline ...[0m
      9 baseline             9-8-8-7      0     155    20.0       0.00     711.6      280    0
  [0;90m[14:38:03] iv_dense x=9 p1_static ...[0m
      9 p1_static            9-8-8-7    215    1140    52.0       5.09      82.7     2528    1
  [0;90m[14:38:08] iv_dense x=9 hardcoded ...[0m
      9 hardcoded            9-8-8-7    215    1140    52.0       5.57      83.5     2528    1
  [0;90m[14:38:12] iv_dense x=9 template ...[0m
      9 template             9-8-8-7    215   14985   183.0       3.70    1513.2    10416    1
  [0;90m[14:38:18] iv_dense x=9 modular ...[0m
      9 modular              9-8-8-7    215   12349   301.0       4.22    1261.9    19508    3
  [0;90m[14:38:23] iv_dense x=13 baseline ...[0m
     13 baseline            13-8-8-7      0     155    16.0       0.00     709.4      280    0
  [0;90m[14:38:28] iv_dense x=13 p1_static ...[0m
     13 p1_static           13-8-8-7    247    1346    70.0       5.74     104.4     2544    1
  [0;90m[14:38:33] iv_dense x=13 hardcoded ...[0m
     13 hardcoded           13-8-8-7    247    1346    65.0       6.01      99.1     2544    1
  [0;90m[14:38:37] iv_dense x=13 template ...[0m
     13 template            13-8-8-7    247   14985   188.0       4.68    1840.6    10416    1
  [0;90m[14:38:44] iv_dense x=13 modular ...[0m
     13 modular             13-8-8-7    247   12349   337.0       4.94    1548.6    19508    3
  [0;90m[14:38:49] iv_dense x=17 baseline ...[0m
     17 baseline            17-8-8-7      0     155    18.0       0.00     742.4      280    0
  [0;90m[14:38:56] iv_dense x=17 p1_static ...[0m
     17 p1_static           17-8-8-7    279    1470    67.0       6.47     103.1     2560    1
  [0;90m[14:39:01] iv_dense x=17 hardcoded ...[0m
     17 hardcoded           17-8-8-7    279    1470    76.0       8.21     114.2     2560    1
  [0;90m[14:39:05] iv_dense x=17 template ...[0m
     17 template            17-8-8-7    279   14985   209.0       4.13    1590.3    10416    1
  [0;90m[14:39:12] iv_dense x=17 modular ...[0m
     17 modular             17-8-8-7    279   12349   382.0       4.14    1340.3    19508    3

[1;33m==============================================================================[0m
[1;33m asse x: colonne d'ingresso, larghezza in una colonna singola[0m
[0;90m n_in = k+5 con ingress_iface(k) + ttl + queue_occupancy(4); la one-hot costa h1 addizioni comunque sia larga[0m
[1;33m==============================================================================[0m

      x pipeline               forma   pesi   insns      ns  update ms  build ms  mappe B tail
  --------------------------------------------------------------------------------------------
  [0;90m[14:39:18] iv_onehot x=16 baseline ...[0m
     16 baseline            16-8-8-7      0     155    20.0       0.00     709.5      280    0
  [0;90m[14:39:23] iv_onehot x=16 p1_static ...[0m
     16 p1_static           16-8-8-7    271    1291    59.0       7.02      89.2     2508    1
  [0;90m[14:39:28] iv_onehot x=16 hardcoded ...[0m
     16 hardcoded           16-8-8-7    271    1291    58.0       6.58      96.5     2508    1
  [0;90m[14:39:32] iv_onehot x=16 template ...[0m
     16 template            16-8-8-7    271   14985   152.0       4.45    1621.1    10416    1
  [0;90m[14:39:38] iv_onehot x=16 modular ...[0m
     16 modular             16-8-8-7    271   12349   292.0       5.18    1234.9    19508    3
  [0;90m[14:39:44] iv_onehot x=32 baseline ...[0m
     32 baseline            32-8-8-7      0     155    19.0       0.00     782.2      280    0
  [0;90m[14:39:49] iv_onehot x=32 p1_static ...[0m
     32 p1_static           32-8-8-7    399    1468    58.0       6.80     103.0     2508    1
  [0;90m[14:39:54] iv_onehot x=32 hardcoded ...[0m
     32 hardcoded           32-8-8-7    399    1468    58.0       6.56      90.1     2508    1
  [0;90m[14:39:59] iv_onehot x=32 template ...[0m
     32 template            32-8-8-7    399   14985   151.0       4.47    1600.3    10416    1
  [0;90m[14:40:05] iv_onehot x=32 modular ...[0m
     32 modular             32-8-8-7    399   12349   296.0       3.95    1261.6    19508    3
  [0;90m[14:40:11] iv_onehot x=65 baseline ...[0m
     65 baseline            65-8-8-7      0     155    19.0       0.00     710.3      280    0
  [0;90m[14:40:16] iv_onehot x=65 p1_static ...[0m
     65 p1_static           65-8-8-7    663    2015    59.0      12.27     116.4     2508    1
  [0;90m[14:40:20] iv_onehot x=65 hardcoded ...[0m
     65 hardcoded           65-8-8-7    663    2015    59.0       8.17      99.6     2508    1
  [0;90m[14:40:25] iv_onehot x=65 template ...[0m
     65 template            65-8-8-7    663   14985   150.0       4.99    1648.5    10416    1
  [0;90m[14:40:30] iv_onehot x=65 modular ...[0m
     65 modular             65-8-8-7    663   12349   284.0       4.46    1328.1    19508    3

[1;33m==============================================================================[0m
[1;33m asse x: neuroni per strato nascosto (campagna)[0m
[0;90m 65-v-v-7; sopra 8 solo P1 e p1_static, che non hanno soffitti di larghezza[0m
[1;33m==============================================================================[0m

      x pipeline               forma   pesi   insns      ns  update ms  build ms  mappe B tail
  --------------------------------------------------------------------------------------------
  [0;90m[14:40:37] width_camp x=4 baseline ...[0m
      4 baseline            65-4-4-7      0     155    17.0       0.00     783.7      280    0
  [0;90m[14:40:42] width_camp x=4 p1_static ...[0m
      4 p1_static           65-4-4-7    319     618    36.0       5.91      72.6     2516    1
  [0;90m[14:40:46] width_camp x=4 hardcoded ...[0m
      4 hardcoded           65-4-4-7    319    1028    42.0       5.93      85.9     2516    1
  [0;90m[14:40:51] width_camp x=4 template ...[0m
      4 template            65-4-4-7    319   14985   173.0       3.81    1517.1    10416    1
  [0;90m[14:40:56] width_camp x=4 modular ...[0m
      4 modular             65-4-4-7    319   12349   258.0       5.54    1401.8    19508    3
  [0;90m[14:41:02] width_camp x=8 baseline ...[0m
      8 baseline            65-8-8-7      0     155    16.0       0.00     725.6      280    0
  [0;90m[14:41:07] width_camp x=8 p1_static ...[0m
      8 p1_static           65-8-8-7    663    1242    61.0       6.31      84.3     2516    1
  [0;90m[14:41:12] width_camp x=8 hardcoded ...[0m
      8 hardcoded           65-8-8-7    663    2270    65.0       7.87     116.4     2516    1
  [0;90m[14:41:16] width_camp x=8 template ...[0m
      8 template            65-8-8-7    663   14985   177.0       3.86    1507.3    10416    1
  [0;90m[14:41:22] width_camp x=8 modular ...[0m
      8 modular             65-8-8-7    663   12349   312.0       4.26    1359.3    19508    3
  [0;90m[14:41:27] width_camp x=16 baseline ...[0m
     16 baseline          65-16-16-7      0     155    24.0       0.00     733.7      280    0
  [0;90m[14:41:33] width_camp x=16 p1_static ...[0m
  [0;90m    ... RuntimeError: 4 errors generated. (0.3 s)[0m
     16 p1_static         65-16-16-7        [0;31mCRASH[0m [0;90mRuntimeError: 4 errors generated.[0m
  [0;90m[14:41:33] width_camp x=16 hardcoded ...[0m
     16 hardcoded         65-16-16-7   1447    5525   141.0      16.38     234.1     2516    1
     16 template          65-16-16-7        [1;33mRIFIUTATO[0m [0;90msoffitto compilato: hidden [16, 16] > T2_MAX_H1/H2=8[0m
     16 modular           65-16-16-7        [1;33mRIFIUTATO[0m [0;90msoffitto compilato: h1=16 > ML1_MAX_H1=8[0m
  [0;90m[14:41:38] width_camp x=32 baseline ...[0m
     32 baseline          65-32-32-7      0     155    18.0       0.00     764.5      280    0
  [0;90m[14:41:43] width_camp x=32 p1_static ...[0m
  [0;90m    ... RuntimeError: 20 errors generated. (0.8 s)[0m
     32 p1_static         65-32-32-7        [0;31mCRASH[0m [0;90mRuntimeError: 20 errors generated.[0m
  [0;90m[14:41:44] width_camp x=32 hardcoded ...[0m
  [0;90m    ... RuntimeError: 20 errors generated. (1.0 s)[0m
     32 hardcoded         65-32-32-7        [0;31mCRASH[0m [0;90mRuntimeError: 20 errors generated.[0m
     32 template          65-32-32-7        [1;33mRIFIUTATO[0m [0;90msoffitto compilato: hidden [32, 32] > T2_MAX_H1/H2=8[0m
     32 modular           65-32-32-7        [1;33mRIFIUTATO[0m [0;90msoffitto compilato: h1=32 > ML1_MAX_H1=8[0m

[1;33m==============================================================================[0m
[1;33m asse x: strati nascosti, 8 neuroni ciascuno (campagna)[0m
[0;90m 65-8...8-7; P2 ricompila a ogni punto, P3 no -- e a width 8 il verificatore di P3 puo' dire di no[0m
[1;33m==============================================================================[0m

      x pipeline               forma   pesi   insns      ns  update ms  build ms  mappe B tail
  --------------------------------------------------------------------------------------------
  [0;90m[14:41:45] depth_camp x=1 baseline ...[0m
      1 baseline              65-8-7      0     155    17.0       0.00     780.3      280    0
  [0;90m[14:41:50] depth_camp x=1 p1_static ...[0m
      1 p1_static             65-8-7    591     919    50.0       5.20      84.3     2516    1
  [0;90m[14:41:54] depth_camp x=1 hardcoded ...[0m
      1 hardcoded             65-8-7    591    1755    50.0       7.00     108.7     2516    1
  [0;90m[14:41:58] depth_camp x=1 template ...[0m
      1 template              65-8-7    591   14668   165.0       3.86    1494.6    10416    1
  [0;90m[14:42:04] depth_camp x=1 modular ...[0m
      1 modular               65-8-7    591   12349   238.0       4.25    1340.2    19508    2
  [0;90m[14:42:12] depth_camp x=2 baseline ...[0m
      2 baseline            65-8-8-7      0     155    18.0       0.00     740.7      280    0
  [0;90m[14:42:16] depth_camp x=2 p1_static ...[0m
      2 p1_static           65-8-8-7    663    1242    58.0       6.59     119.6     2516    1
  [0;90m[14:42:21] depth_camp x=2 hardcoded ...[0m
      2 hardcoded           65-8-8-7    663    2270    68.0      15.53     127.5     2516    1
  [0;90m[14:42:25] depth_camp x=2 template ...[0m
      2 template            65-8-8-7    663   14985   181.0       7.18    1597.8    10416    1
  [0;90m[14:42:31] depth_camp x=2 modular ...[0m
      2 modular             65-8-8-7    663   12349   312.0       5.02    1262.2    19508    3
  [0;90m[14:42:37] depth_camp x=3 baseline ...[0m
      3 baseline          65-8-8-8-7      0     155    17.0       0.00     708.6      280    0
  [0;90m[14:42:43] depth_camp x=3 p1_static ...[0m
      3 p1_static         65-8-8-8-7    735    1470    69.0      13.40     153.2     2516    1
  [0;90m[14:42:47] depth_camp x=3 hardcoded ...[0m
      3 hardcoded         65-8-8-8-7    735    2397    72.0      13.26     174.8     2516    1
  [0;90m[14:42:51] depth_camp x=3 template ...[0m
      3 template          65-8-8-8-7    735   16663   226.0       4.81    1754.5    10416    1
  [0;90m[14:42:59] depth_camp x=3 modular ...[0m
      3 modular           65-8-8-8-7    735   12349   382.0       4.27    1367.2    19508    4
  [0;90m[14:43:05] depth_camp x=4 baseline ...[0m
      4 baseline        65-8-8-8-8-7      0     155    17.0       0.00     744.0      280    0
  [0;90m[14:43:11] depth_camp x=4 p1_static ...[0m
      4 p1_static       65-8-8-8-8-7    807    1778    84.0       8.83     150.5     2516    1
  [0;90m[14:43:15] depth_camp x=4 hardcoded ...[0m
      4 hardcoded       65-8-8-8-8-7    807    2568    88.0      13.53     207.2     2516    1
  [0;90m[14:43:20] depth_camp x=4 template ...[0m
      4 template        65-8-8-8-8-7    807   16867   262.0       3.84    1590.0    10416    1
  [0;90m[14:43:26] depth_camp x=4 modular ...[0m
      4 modular         65-8-8-8-8-7    807   12349   455.0       4.38    1310.2    19508    5

  [0;32mscritto[0m /home/admin/Scrivania/ipa_lab2/results/model_scaling_test_suite.csv  (68 righe)

[1;33m==============================================================================[0m
 Grafici (non serve root, basta matplotlib):
   python3 ipa/test/bench_scaling.py --plot /home/admin/Scrivania/ipa_lab2/results
[1;33m==============================================================================[0m
